I1106 19:34:26.685707 22414133676928 run-alphafold-2.2.0.py:116] Mounting /home/kc5054/CHEM2671/comp-lab-class/Week7/run/test -> /tmp/kc5054/a37ef38690ab4e4692f12ddf33375b3b/fasta_path_0
Command to run: MY_ALPHAFOLD_BINDS="--bind /home/kc5054/CHEM2671/comp-lab-class/Week7/run/test:/tmp/kc5054/a37ef38690ab4e4692f12ddf33375b3b/fasta_path_0:ro" /bin/bash /scratch/work/public/apps/alphafold/2.2.0/run-alphafold-2.2.0.bash python -u /opt/alphafold/run_alphafold.py --fasta_paths=/tmp/kc5054/a37ef38690ab4e4692f12ddf33375b3b/fasta_path_0/rcsb_pdb_2W9T.fasta --uniref90_database_path=/alphafold-data/uniref90/uniref90.fasta --mgnify_database_path=/alphafold-data/mgnify/mgy_clusters_2018_12.fa --data_dir=/alphafold-data --template_mmcif_dir=/alphafold-data/pdb_mmcif/mmcif_files --obsolete_pdbs_path=/alphafold-data/pdb_mmcif/obsolete.dat --pdb70_database_path=/alphafold-data/pdb70/pdb70 --uniclust30_database_path=/alphafold-data/uniclust30/uniclust30_2018_08/uniclust30_2018_08 --bfd_database_path=/alphafold-data/bfd/bfd_metaclust_clu_complete_id30_c90_final_seq.sorted_opt --output_dir=/home/kc5054/CHEM2671/comp-lab-class/Week7/run/test --max_template_date=2020-05-14 --db_preset=full_dbs --model_preset=monomer --benchmark=False --use_precomputed_msas=False --num_multimer_predictions_per_model=5 --run_relax=True --use_gpu_relax=True --logtostderr
I1106 19:34:36.096111 22862020433088 templates.py:857] Using precomputed obsolete pdbs /alphafold-data/pdb_mmcif/obsolete.dat.
I1106 19:34:36.416750 22862020433088 xla_bridge.py:252] Unable to initialize backend 'tpu_driver': NOT_FOUND: Unable to find driver in registry given worker: 
I1106 19:34:36.585914 22862020433088 xla_bridge.py:252] Unable to initialize backend 'tpu': INVALID_ARGUMENT: TpuPlatform is not available.
I1106 19:34:41.689218 22862020433088 run_alphafold.py:376] Have 5 models: ['model_1_pred_0', 'model_2_pred_0', 'model_3_pred_0', 'model_4_pred_0', 'model_5_pred_0']
I1106 19:34:41.689434 22862020433088 run_alphafold.py:393] Using random seed 610544968882397161 for the data pipeline
I1106 19:34:41.689631 22862020433088 run_alphafold.py:161] Predicting rcsb_pdb_2W9T
I1106 19:34:41.691575 22862020433088 jackhmmer.py:133] Launching subprocess "/usr/bin/jackhmmer -o /dev/null -A /state/partition1/job-26731613/tmp1jzdvv_e/output.sto --noali --F1 0.0005 --F2 5e-05 --F3 5e-07 --incE 0.0001 -E 0.0001 --cpu 8 -N 1 /tmp/kc5054/a37ef38690ab4e4692f12ddf33375b3b/fasta_path_0/rcsb_pdb_2W9T.fasta /alphafold-data/uniref90/uniref90.fasta"
I1106 19:34:41.847482 22862020433088 utils.py:36] Started Jackhmmer (uniref90.fasta) query
I1106 19:43:27.503072 22862020433088 utils.py:40] Finished Jackhmmer (uniref90.fasta) query in 525.655 seconds
I1106 19:43:27.785633 22862020433088 jackhmmer.py:133] Launching subprocess "/usr/bin/jackhmmer -o /dev/null -A /state/partition1/job-26731613/tmp53xrcs1d/output.sto --noali --F1 0.0005 --F2 5e-05 --F3 5e-07 --incE 0.0001 -E 0.0001 --cpu 8 -N 1 /tmp/kc5054/a37ef38690ab4e4692f12ddf33375b3b/fasta_path_0/rcsb_pdb_2W9T.fasta /alphafold-data/mgnify/mgy_clusters_2018_12.fa"
I1106 19:43:27.854529 22862020433088 utils.py:36] Started Jackhmmer (mgy_clusters_2018_12.fa) query
I1106 19:55:10.429143 22862020433088 utils.py:40] Finished Jackhmmer (mgy_clusters_2018_12.fa) query in 702.574 seconds
I1106 19:55:12.762333 22862020433088 hhsearch.py:85] Launching subprocess "/usr/bin/hhsearch -i /state/partition1/job-26731613/tmpou4t1nlb/query.a3m -o /state/partition1/job-26731613/tmpou4t1nlb/output.hhr -maxseq 1000000 -d /alphafold-data/pdb70/pdb70"
I1106 19:55:12.943933 22862020433088 utils.py:36] Started HHsearch query
I1106 19:55:57.538781 22862020433088 utils.py:40] Finished HHsearch query in 44.594 seconds
I1106 19:55:58.537690 22862020433088 hhblits.py:128] Launching subprocess "/usr/bin/hhblits -i /tmp/kc5054/a37ef38690ab4e4692f12ddf33375b3b/fasta_path_0/rcsb_pdb_2W9T.fasta -cpu 4 -oa3m /state/partition1/job-26731613/tmp3h15vf6w/output.a3m -o /dev/null -n 3 -e 0.001 -maxseq 1000000 -realign_max 100000 -maxfilt 100000 -min_prefilter_hits 1000 -d /alphafold-data/bfd/bfd_metaclust_clu_complete_id30_c90_final_seq.sorted_opt -d /alphafold-data/uniclust30/uniclust30_2018_08/uniclust30_2018_08"
I1106 19:55:58.676141 22862020433088 utils.py:36] Started HHblits query
I1106 20:00:21.558461 22862020433088 utils.py:40] Finished HHblits query in 262.882 seconds
I1106 20:00:21.587747 22862020433088 templates.py:878] Searching for template for: MTLSIIVAHDKQRVIGYQNQLPWHLPNDLKHIKQLTTGNTLVMARKTFESIGKPLPNRRNVVLTNQASFHHEGVDVINSLDEIKELSGHVFIFGGQTLYEAMIDQVDDMYITVIDGKFQGDTFFPPYTFEDWEVESSVEGQLDEKNTIPHTFLHLVRRKGK
I1106 20:00:21.821182 22862020433088 templates.py:267] Found an exact template match 3sqy_X.
I1106 20:00:22.395647 22862020433088 templates.py:267] Found an exact template match 6kp7_B.
I1106 20:00:22.520054 22862020433088 templates.py:267] Found an exact template match 6e4e_A.
I1106 20:00:22.662631 22862020433088 templates.py:267] Found an exact template match 3jvx_B.
I1106 20:00:22.768235 22862020433088 templates.py:267] Found an exact template match 2bl9_A.
I1106 20:00:22.860030 22862020433088 templates.py:267] Found an exact template match 2blb_A.
I1106 20:00:22.969179 22862020433088 templates.py:267] Found an exact template match 4fgh_A.
I1106 20:00:23.105860 22862020433088 templates.py:267] Found an exact template match 3tq8_A.
I1106 20:00:24.101462 22862020433088 templates.py:267] Found an exact template match 4elh_B.
I1106 20:00:24.509974 22862020433088 templates.py:267] Found an exact template match 6kp2_A.
I1106 20:00:25.155048 22862020433088 templates.py:267] Found an exact template match 1j3i_B.
I1106 20:00:25.307884 22862020433088 templates.py:267] Found an exact template match 5e8q_A.
I1106 20:00:25.756400 22862020433088 templates.py:267] Found an exact template match 1j3k_B.
I1106 20:00:25.837259 22862020433088 templates.py:267] Found an exact template match 4m7u_A.
I1106 20:00:25.991137 22862020433088 templates.py:267] Found an exact template match 1ai9_B.
I1106 20:00:26.399293 22862020433088 templates.py:267] Found an exact template match 1aoe_B.
I1106 20:00:26.565872 22862020433088 templates.py:267] Found an exact template match 4hof_B.
I1106 20:00:26.714614 22862020433088 templates.py:267] Found an exact template match 3s9u_B.
I1106 20:00:26.826521 22862020433088 templates.py:267] Found an exact template match 2w9h_A.
I1106 20:00:26.983456 22862020433088 templates.py:267] Found an exact template match 1kms_A.
I1106 20:00:27.400345 22862020433088 pipeline.py:234] Uniref90 MSA size: 10000 sequences.
I1106 20:00:27.400533 22862020433088 pipeline.py:235] BFD MSA size: 1355 sequences.
I1106 20:00:27.400576 22862020433088 pipeline.py:236] MGnify MSA size: 501 sequences.
I1106 20:00:27.400613 22862020433088 pipeline.py:237] Final (deduplicated) MSA size: 11818 sequences.
I1106 20:00:27.400788 22862020433088 pipeline.py:239] Total number of templates (NB: this can include bad templates and is later filtered to top 4): 20.
I1106 20:00:27.496206 22862020433088 run_alphafold.py:190] Running model model_1_pred_0 on rcsb_pdb_2W9T
I1106 20:00:33.305084 22862020433088 model.py:165] Running predict with shape(feat) = {'aatype': (4, 161), 'residue_index': (4, 161), 'seq_length': (4,), 'template_aatype': (4, 4, 161), 'template_all_atom_masks': (4, 4, 161, 37), 'template_all_atom_positions': (4, 4, 161, 37, 3), 'template_sum_probs': (4, 4, 1), 'is_distillation': (4,), 'seq_mask': (4, 161), 'msa_mask': (4, 508, 161), 'msa_row_mask': (4, 508), 'random_crop_to_size_seed': (4, 2), 'template_mask': (4, 4), 'template_pseudo_beta': (4, 4, 161, 3), 'template_pseudo_beta_mask': (4, 4, 161), 'atom14_atom_exists': (4, 161, 14), 'residx_atom14_to_atom37': (4, 161, 14), 'residx_atom37_to_atom14': (4, 161, 37), 'atom37_atom_exists': (4, 161, 37), 'extra_msa': (4, 5120, 161), 'extra_msa_mask': (4, 5120, 161), 'extra_msa_row_mask': (4, 5120), 'bert_mask': (4, 508, 161), 'true_msa': (4, 508, 161), 'extra_has_deletion': (4, 5120, 161), 'extra_deletion_value': (4, 5120, 161), 'msa_feat': (4, 508, 161, 49), 'target_feat': (4, 161, 22)}
I1106 20:02:41.394940 22862020433088 model.py:175] Output shape was {'distogram': {'bin_edges': (63,), 'logits': (161, 161, 64)}, 'experimentally_resolved': {'logits': (161, 37)}, 'masked_msa': {'logits': (508, 161, 23)}, 'predicted_lddt': {'logits': (161, 50)}, 'structure_module': {'final_atom_mask': (161, 37), 'final_atom_positions': (161, 37, 3)}, 'plddt': (161,), 'ranking_confidence': ()}
I1106 20:02:41.395348 22862020433088 run_alphafold.py:202] Total JAX model model_1_pred_0 on rcsb_pdb_2W9T predict time (includes compilation time, see --benchmark): 128.1s
I1106 20:03:02.189558 22862020433088 amber_minimize.py:177] alterations info: {'nonstandard_residues': [], 'removed_heterogens': set(), 'missing_residues': {}, 'missing_heavy_atoms': {}, 'missing_terminals': {<Residue 160 (LYS) of chain 0>: ['OXT']}, 'Se_in_MET': [], 'removed_chains': {0: []}}
I1106 20:03:02.357427 22862020433088 amber_minimize.py:407] Minimizing protein, attempt 1 of 100.
I1106 20:03:03.052926 22862020433088 amber_minimize.py:68] Restraining 1305 / 2592 particles.
I1106 20:03:05.501173 22862020433088 amber_minimize.py:177] alterations info: {'nonstandard_residues': [], 'removed_heterogens': set(), 'missing_residues': {}, 'missing_heavy_atoms': {}, 'missing_terminals': {}, 'Se_in_MET': [], 'removed_chains': {0: []}}
I1106 20:03:11.960861 22862020433088 amber_minimize.py:497] Iteration completed: Einit 4554.18 Efinal -3416.21 Time 1.91 s num residue violations 0 num residue exclusions 0 
I1106 20:03:20.808571 22862020433088 amber_minimize.py:177] alterations info: {'nonstandard_residues': [], 'removed_heterogens': set(), 'missing_residues': {}, 'missing_heavy_atoms': {}, 'missing_terminals': {<Residue 160 (LYS) of chain 0>: ['OXT']}, 'Se_in_MET': [], 'removed_chains': {0: []}}
I1106 20:03:21.138907 22862020433088 run_alphafold.py:190] Running model model_2_pred_0 on rcsb_pdb_2W9T
I1106 20:03:23.389466 22862020433088 model.py:165] Running predict with shape(feat) = {'aatype': (4, 161), 'residue_index': (4, 161), 'seq_length': (4,), 'template_aatype': (4, 4, 161), 'template_all_atom_masks': (4, 4, 161, 37), 'template_all_atom_positions': (4, 4, 161, 37, 3), 'template_sum_probs': (4, 4, 1), 'is_distillation': (4,), 'seq_mask': (4, 161), 'msa_mask': (4, 508, 161), 'msa_row_mask': (4, 508), 'random_crop_to_size_seed': (4, 2), 'template_mask': (4, 4), 'template_pseudo_beta': (4, 4, 161, 3), 'template_pseudo_beta_mask': (4, 4, 161), 'atom14_atom_exists': (4, 161, 14), 'residx_atom14_to_atom37': (4, 161, 14), 'residx_atom37_to_atom14': (4, 161, 37), 'atom37_atom_exists': (4, 161, 37), 'extra_msa': (4, 1024, 161), 'extra_msa_mask': (4, 1024, 161), 'extra_msa_row_mask': (4, 1024), 'bert_mask': (4, 508, 161), 'true_msa': (4, 508, 161), 'extra_has_deletion': (4, 1024, 161), 'extra_deletion_value': (4, 1024, 161), 'msa_feat': (4, 508, 161, 49), 'target_feat': (4, 161, 22)}
I1106 20:05:20.134717 22862020433088 model.py:175] Output shape was {'distogram': {'bin_edges': (63,), 'logits': (161, 161, 64)}, 'experimentally_resolved': {'logits': (161, 37)}, 'masked_msa': {'logits': (508, 161, 23)}, 'predicted_lddt': {'logits': (161, 50)}, 'structure_module': {'final_atom_mask': (161, 37), 'final_atom_positions': (161, 37, 3)}, 'plddt': (161,), 'ranking_confidence': ()}
I1106 20:05:20.135386 22862020433088 run_alphafold.py:202] Total JAX model model_2_pred_0 on rcsb_pdb_2W9T predict time (includes compilation time, see --benchmark): 116.7s
I1106 20:05:34.759549 22862020433088 amber_minimize.py:177] alterations info: {'nonstandard_residues': [], 'removed_heterogens': set(), 'missing_residues': {}, 'missing_heavy_atoms': {}, 'missing_terminals': {<Residue 160 (LYS) of chain 0>: ['OXT']}, 'Se_in_MET': [], 'removed_chains': {0: []}}
I1106 20:05:34.936302 22862020433088 amber_minimize.py:407] Minimizing protein, attempt 1 of 100.
I1106 20:05:35.217342 22862020433088 amber_minimize.py:68] Restraining 1305 / 2592 particles.
I1106 20:05:38.393029 22862020433088 amber_minimize.py:177] alterations info: {'nonstandard_residues': [], 'removed_heterogens': set(), 'missing_residues': {}, 'missing_heavy_atoms': {}, 'missing_terminals': {}, 'Se_in_MET': [], 'removed_chains': {0: []}}
I1106 20:05:38.678422 22862020433088 amber_minimize.py:497] Iteration completed: Einit 3513.21 Efinal -3425.99 Time 0.76 s num residue violations 0 num residue exclusions 0 
I1106 20:05:46.677526 22862020433088 amber_minimize.py:177] alterations info: {'nonstandard_residues': [], 'removed_heterogens': set(), 'missing_residues': {}, 'missing_heavy_atoms': {}, 'missing_terminals': {<Residue 160 (LYS) of chain 0>: ['OXT']}, 'Se_in_MET': [], 'removed_chains': {0: []}}
I1106 20:05:47.014736 22862020433088 run_alphafold.py:190] Running model model_3_pred_0 on rcsb_pdb_2W9T
I1106 20:05:49.003696 22862020433088 model.py:165] Running predict with shape(feat) = {'aatype': (4, 161), 'residue_index': (4, 161), 'seq_length': (4,), 'is_distillation': (4,), 'seq_mask': (4, 161), 'msa_mask': (4, 512, 161), 'msa_row_mask': (4, 512), 'random_crop_to_size_seed': (4, 2), 'atom14_atom_exists': (4, 161, 14), 'residx_atom14_to_atom37': (4, 161, 14), 'residx_atom37_to_atom14': (4, 161, 37), 'atom37_atom_exists': (4, 161, 37), 'extra_msa': (4, 5120, 161), 'extra_msa_mask': (4, 5120, 161), 'extra_msa_row_mask': (4, 5120), 'bert_mask': (4, 512, 161), 'true_msa': (4, 512, 161), 'extra_has_deletion': (4, 5120, 161), 'extra_deletion_value': (4, 5120, 161), 'msa_feat': (4, 512, 161, 49), 'target_feat': (4, 161, 22)}
I1106 20:07:18.693521 22862020433088 model.py:175] Output shape was {'distogram': {'bin_edges': (63,), 'logits': (161, 161, 64)}, 'experimentally_resolved': {'logits': (161, 37)}, 'masked_msa': {'logits': (512, 161, 23)}, 'predicted_lddt': {'logits': (161, 50)}, 'structure_module': {'final_atom_mask': (161, 37), 'final_atom_positions': (161, 37, 3)}, 'plddt': (161,), 'ranking_confidence': ()}
I1106 20:07:18.694157 22862020433088 run_alphafold.py:202] Total JAX model model_3_pred_0 on rcsb_pdb_2W9T predict time (includes compilation time, see --benchmark): 89.7s
I1106 20:07:33.481350 22862020433088 amber_minimize.py:177] alterations info: {'nonstandard_residues': [], 'removed_heterogens': set(), 'missing_residues': {}, 'missing_heavy_atoms': {}, 'missing_terminals': {<Residue 160 (LYS) of chain 0>: ['OXT']}, 'Se_in_MET': [], 'removed_chains': {0: []}}
I1106 20:07:33.651458 22862020433088 amber_minimize.py:407] Minimizing protein, attempt 1 of 100.
I1106 20:07:33.917607 22862020433088 amber_minimize.py:68] Restraining 1305 / 2592 particles.
I1106 20:07:35.436263 22862020433088 amber_minimize.py:177] alterations info: {'nonstandard_residues': [], 'removed_heterogens': set(), 'missing_residues': {}, 'missing_heavy_atoms': {}, 'missing_terminals': {}, 'Se_in_MET': [], 'removed_chains': {0: []}}
I1106 20:07:35.719388 22862020433088 amber_minimize.py:497] Iteration completed: Einit 3800.70 Efinal -3414.12 Time 0.76 s num residue violations 0 num residue exclusions 0 
I1106 20:07:45.904181 22862020433088 amber_minimize.py:177] alterations info: {'nonstandard_residues': [], 'removed_heterogens': set(), 'missing_residues': {}, 'missing_heavy_atoms': {}, 'missing_terminals': {<Residue 160 (LYS) of chain 0>: ['OXT']}, 'Se_in_MET': [], 'removed_chains': {0: []}}
I1106 20:07:46.225902 22862020433088 run_alphafold.py:190] Running model model_4_pred_0 on rcsb_pdb_2W9T
I1106 20:07:48.295403 22862020433088 model.py:165] Running predict with shape(feat) = {'aatype': (4, 161), 'residue_index': (4, 161), 'seq_length': (4,), 'is_distillation': (4,), 'seq_mask': (4, 161), 'msa_mask': (4, 512, 161), 'msa_row_mask': (4, 512), 'random_crop_to_size_seed': (4, 2), 'atom14_atom_exists': (4, 161, 14), 'residx_atom14_to_atom37': (4, 161, 14), 'residx_atom37_to_atom14': (4, 161, 37), 'atom37_atom_exists': (4, 161, 37), 'extra_msa': (4, 5120, 161), 'extra_msa_mask': (4, 5120, 161), 'extra_msa_row_mask': (4, 5120), 'bert_mask': (4, 512, 161), 'true_msa': (4, 512, 161), 'extra_has_deletion': (4, 5120, 161), 'extra_deletion_value': (4, 5120, 161), 'msa_feat': (4, 512, 161, 49), 'target_feat': (4, 161, 22)}
I1106 20:09:15.870650 22862020433088 model.py:175] Output shape was {'distogram': {'bin_edges': (63,), 'logits': (161, 161, 64)}, 'experimentally_resolved': {'logits': (161, 37)}, 'masked_msa': {'logits': (512, 161, 23)}, 'predicted_lddt': {'logits': (161, 50)}, 'structure_module': {'final_atom_mask': (161, 37), 'final_atom_positions': (161, 37, 3)}, 'plddt': (161,), 'ranking_confidence': ()}
I1106 20:09:15.871305 22862020433088 run_alphafold.py:202] Total JAX model model_4_pred_0 on rcsb_pdb_2W9T predict time (includes compilation time, see --benchmark): 87.6s
I1106 20:09:33.245588 22862020433088 amber_minimize.py:177] alterations info: {'nonstandard_residues': [], 'removed_heterogens': set(), 'missing_residues': {}, 'missing_heavy_atoms': {}, 'missing_terminals': {<Residue 160 (LYS) of chain 0>: ['OXT']}, 'Se_in_MET': [], 'removed_chains': {0: []}}
I1106 20:09:33.422395 22862020433088 amber_minimize.py:407] Minimizing protein, attempt 1 of 100.
I1106 20:09:33.696859 22862020433088 amber_minimize.py:68] Restraining 1305 / 2592 particles.
I1106 20:09:35.252629 22862020433088 amber_minimize.py:177] alterations info: {'nonstandard_residues': [], 'removed_heterogens': set(), 'missing_residues': {}, 'missing_heavy_atoms': {}, 'missing_terminals': {}, 'Se_in_MET': [], 'removed_chains': {0: []}}
I1106 20:09:35.535044 22862020433088 amber_minimize.py:497] Iteration completed: Einit 3542.45 Efinal -3364.58 Time 0.76 s num residue violations 0 num residue exclusions 0 
I1106 20:09:44.218821 22862020433088 amber_minimize.py:177] alterations info: {'nonstandard_residues': [], 'removed_heterogens': set(), 'missing_residues': {}, 'missing_heavy_atoms': {}, 'missing_terminals': {<Residue 160 (LYS) of chain 0>: ['OXT']}, 'Se_in_MET': [], 'removed_chains': {0: []}}
I1106 20:09:44.532698 22862020433088 run_alphafold.py:190] Running model model_5_pred_0 on rcsb_pdb_2W9T
I1106 20:09:46.693178 22862020433088 model.py:165] Running predict with shape(feat) = {'aatype': (4, 161), 'residue_index': (4, 161), 'seq_length': (4,), 'is_distillation': (4,), 'seq_mask': (4, 161), 'msa_mask': (4, 512, 161), 'msa_row_mask': (4, 512), 'random_crop_to_size_seed': (4, 2), 'atom14_atom_exists': (4, 161, 14), 'residx_atom14_to_atom37': (4, 161, 14), 'residx_atom37_to_atom14': (4, 161, 37), 'atom37_atom_exists': (4, 161, 37), 'extra_msa': (4, 1024, 161), 'extra_msa_mask': (4, 1024, 161), 'extra_msa_row_mask': (4, 1024), 'bert_mask': (4, 512, 161), 'true_msa': (4, 512, 161), 'extra_has_deletion': (4, 1024, 161), 'extra_deletion_value': (4, 1024, 161), 'msa_feat': (4, 512, 161, 49), 'target_feat': (4, 161, 22)}
I1106 20:11:20.715227 22862020433088 model.py:175] Output shape was {'distogram': {'bin_edges': (63,), 'logits': (161, 161, 64)}, 'experimentally_resolved': {'logits': (161, 37)}, 'masked_msa': {'logits': (512, 161, 23)}, 'predicted_lddt': {'logits': (161, 50)}, 'structure_module': {'final_atom_mask': (161, 37), 'final_atom_positions': (161, 37, 3)}, 'plddt': (161,), 'ranking_confidence': ()}
I1106 20:11:20.715837 22862020433088 run_alphafold.py:202] Total JAX model model_5_pred_0 on rcsb_pdb_2W9T predict time (includes compilation time, see --benchmark): 94.0s
I1106 20:11:36.974767 22862020433088 amber_minimize.py:177] alterations info: {'nonstandard_residues': [], 'removed_heterogens': set(), 'missing_residues': {}, 'missing_heavy_atoms': {}, 'missing_terminals': {<Residue 160 (LYS) of chain 0>: ['OXT']}, 'Se_in_MET': [], 'removed_chains': {0: []}}
I1106 20:11:37.148901 22862020433088 amber_minimize.py:407] Minimizing protein, attempt 1 of 100.
I1106 20:11:37.426597 22862020433088 amber_minimize.py:68] Restraining 1305 / 2592 particles.
I1106 20:11:39.075086 22862020433088 amber_minimize.py:177] alterations info: {'nonstandard_residues': [], 'removed_heterogens': set(), 'missing_residues': {}, 'missing_heavy_atoms': {}, 'missing_terminals': {}, 'Se_in_MET': [], 'removed_chains': {0: []}}
I1106 20:11:39.357482 22862020433088 amber_minimize.py:497] Iteration completed: Einit 3456.36 Efinal -3403.94 Time 0.80 s num residue violations 0 num residue exclusions 0 
I1106 20:11:47.403069 22862020433088 amber_minimize.py:177] alterations info: {'nonstandard_residues': [], 'removed_heterogens': set(), 'missing_residues': {}, 'missing_heavy_atoms': {}, 'missing_terminals': {<Residue 160 (LYS) of chain 0>: ['OXT']}, 'Se_in_MET': [], 'removed_chains': {0: []}}
I1106 20:11:47.725991 22862020433088 run_alphafold.py:271] Final timings for rcsb_pdb_2W9T: {'features': 1545.7191421985626, 'process_features_model_1_pred_0': 5.808384656906128, 'predict_and_compile_model_1_pred_0': 128.09059810638428, 'relax_model_1_pred_0': 32.48376774787903, 'process_features_model_2_pred_0': 2.2499985694885254, 'predict_and_compile_model_2_pred_0': 116.74631786346436, 'relax_model_2_pred_0': 20.224693298339844, 'process_features_model_3_pred_0': 1.9886562824249268, 'predict_and_compile_model_3_pred_0': 89.69059085845947, 'relax_model_3_pred_0': 20.787935733795166, 'process_features_model_4_pred_0': 2.0692074298858643, 'predict_and_compile_model_4_pred_0': 87.57603049278259, 'relax_model_4_pred_0': 21.784531116485596, 'process_features_model_5_pred_0': 2.1601858139038086, 'predict_and_compile_model_5_pred_0': 94.0227882862091, 'relax_model_5_pred_0': 19.471842527389526}
